// Jest Snapshot v1, https://goo.gl/fbAQLP

exports[`EuiComboBox is rendered 1`] = `
<div
  aria-label="aria-label"
  className="euiComboBox testClass1 testClass2"
  data-test-subj="test subject string"
  onFocus={[Function]}
  onKeyDown={[Function]}
>
  <EuiComboBoxInput
    autoSizeInputRef={[Function]}
    hasSelectedOptions={false}
    inputRef={[Function]}
    onChange={[Function]}
    onClear={[Function]}
    onClick={[Function]}
    onFocus={[Function]}
    onRemoveOption={[Function]}
    searchValue=""
    selectedOptions={Array []}
    updatePosition={[Function]}
    value=""
  />
</div>
`;
